2026-08-01 12:48:37 [233092] No configuration file found 'C:\ProgramData/SafeNet Sentinel/Sentinel LDK/hasp_36049.ini'
2026-08-01 12:48:37 [233092] No configuration file found 'hasp_36049.ini'
2026-08-01 12:48:37 [233092] Application startup, using hasp_rt 30.1 build 169641 32 bit, RTE 10.12
2026-08-01 12:48:37 [233092] FQDN is 'laptop-6ufeg852'
2026-08-01 12:54:53 [233092] Application shutdown
2026-08-01 12:58:43 [47812] No configuration file found 'C:\ProgramData/SafeNet Sentinel/Sentinel LDK/hasp_36049.ini'
2026-08-01 12:58:43 [47812] No configuration file found 'hasp_36049.ini'
2026-08-01 12:58:43 [47812] Application startup, using hasp_rt 30.1 build 169641 32 bit, RTE 10.12
2026-08-01 12:58:43 [47812] FQDN is 'laptop-6ufeg852'
2026-08-01 13:03:09 [47812] Application shutdown
2026-08-01 13:04:28 [86664] No configuration file found 'C:\ProgramData/SafeNet Sentinel/Sentinel LDK/hasp_36049.ini'
2026-08-01 13:04:28 [86664] No configuration file found 'hasp_36049.ini'
2026-08-01 13:04:28 [86664] Application startup, using hasp_rt 30.1 build 169641 32 bit, RTE 10.12
2026-08-01 13:04:28 [86664] FQDN is 'laptop-6ufeg852'
2026-08-01 13:05:25 [86664] Application shutdown
2026-08-01 13:30:11 [211168] No configuration file found 'C:\ProgramData/SafeNet Sentinel/Sentinel LDK/hasp_36049.ini'
2026-08-01 13:30:11 [211168] No configuration file found 'hasp_36049.ini'
2026-08-01 13:30:11 [211168] Application startup, using hasp_rt 30.1 build 169641 32 bit, RTE 10.12
2026-08-01 13:30:11 [211168] FQDN is 'laptop-6ufeg852'
2026-08-01 13:31:13 [211168] Application shutdown
2026-08-01 14:08:09 [311960] No configuration file found 'C:\ProgramData/SafeNet Sentinel/Sentinel LDK/hasp_36049.ini'
2026-08-01 14:08:09 [311960] No configuration file found 'hasp_36049.ini'
2026-08-01 14:08:09 [311960] Application startup, using hasp_rt 30.1 build 169641 32 bit, RTE 10.12
2026-08-01 14:08:09 [311960] FQDN is 'laptop-6ufeg852'
2026-08-01 14:09:28 [311960] Application shutdown
2026-08-01 14:09:58 [348612] No configuration file found 'C:\ProgramData/SafeNet Sentinel/Sentinel LDK/hasp_36049.ini'
2026-08-01 14:09:58 [348612] No configuration file found 'hasp_36049.ini'
2026-08-01 14:09:58 [348612] Application startup, using hasp_rt 30.1 build 169641 32 bit, RTE 10.12
2026-08-01 14:09:58 [348612] FQDN is 'laptop-6ufeg852'
2026-08-01 14:10:49 [348612] Application shutdown
2026-08-01 14:19:41 [269032] No configuration file found 'C:\ProgramData/SafeNet Sentinel/Sentinel LDK/hasp_36049.ini'
2026-08-01 14:19:41 [269032] No configuration file found 'hasp_36049.ini'
2026-08-01 14:19:41 [269032] Application startup, using hasp_rt 30.1 build 169641 32 bit, RTE 10.12
2026-08-01 14:19:41 [269032] FQDN is 'laptop-6ufeg852'
2026-08-01 14:20:16 [269032] Application shutdown
2026-08-01 17:09:44 [48384] No configuration file found 'C:\ProgramData/SafeNet Sentinel/Sentinel LDK/hasp_36049.ini'
2026-08-01 17:09:44 [48384] No configuration file found 'hasp_36049.ini'
2026-08-01 17:09:44 [48384] Application startup, using hasp_rt 30.1 build 169641 32 bit, RTE 10.12
2026-08-01 17:09:44 [48384] FQDN is 'laptop-6ufeg852'
2026-08-01 17:14:05 [314624] No configuration file found 'C:\ProgramData/SafeNet Sentinel/Sentinel LDK/hasp_36049.ini'
2026-08-01 17:14:05 [314624] No configuration file found 'hasp_36049.ini'
2026-08-01 17:14:05 [314624] Application startup, using hasp_rt 30.1 build 169641 32 bit, RTE 10.12
2026-08-01 17:14:05 [314624] FQDN is 'laptop-6ufeg852'
2026-08-01 17:15:35 [314624] Application shutdown
2026-08-01 17:15:35 [48384] Application shutdown
2026-08-03 23:43:11 [50864] No configuration file found 'C:\ProgramData/SafeNet Sentinel/Sentinel LDK/hasp_36049.ini'
2026-08-03 23:43:11 [50864] No configuration file found 'hasp_36049.ini'
2026-08-03 23:43:11 [50864] Application startup, using hasp_rt 30.1 build 169641 32 bit, RTE 10.12
2026-08-03 23:43:11 [50864] FQDN is 'laptop-6ufeg852'
2026-08-03 23:45:20 [50864] Application shutdown
2026-08-03 23:48:02 [434948] No configuration file found 'C:\ProgramData/SafeNet Sentinel/Sentinel LDK/hasp_36049.ini'
2026-08-03 23:48:02 [434948] No configuration file found 'hasp_36049.ini'
2026-08-03 23:48:02 [434948] Application startup, using hasp_rt 30.1 build 169641 32 bit, RTE 10.12
2026-08-03 23:48:02 [434948] FQDN is 'laptop-6ufeg852'
2026-08-03 23:52:22 [434948] Application shutdown
